<?xml version="1.0" encoding="UTF-8"?><mappingRoot domainID="com.ibm.msl.mapping.xml" targetNamespace="http://NCL_CruiseUserAuthentication_Module/xslt/XSLTransformation3_req_9" version="7.5.0" xmlns="http://www.ibm.com/2008/ccl/Mapping" xmlns:map="http://NCL_CruiseUserAuthentication_Module/xslt/XSLTransformation3_req_9">
    <input correlationContext="{http://NCL_CruiseUserAuthentication_Module}App_context" message="{http://NCL_CruiseUserAuthentication_Module/DB_Lookup}executeNclseaNcl_Wesb_User_LookupBGRequestMsg" sharedContext="" smoName="wsdl-primary" transientContext="" type="smo" types="" xpath="/"/>
    <output correlationContext="{http://NCL_CruiseUserAuthentication_Module}App_context" message="{http://NCL_WESB_Shared_Library/NCL_CruiseUserAuthentication_Interface}Perform_NCL_CruiseUserAuthenticationResponseMsg" sharedContext="" smoName="wsdl-primary" transientContext="" type="smo" types="" xpath="/"/>
    <imports>
        <import kind="xml" location="XSLTransformation3_req_9.xml"/>
        <import kind="xslt" location="XSLTransformation3_req_9_custom.xsl"/>
    </imports>
    <mappingDeclaration name="XSLTransformation3_req_9">
        <input namespace="http://www.ibm.com/websphere/sibx/smo/v6.0.1" path="smo"/>
        <output namespace="http://www.ibm.com/websphere/sibx/smo/v6.0.1" path="smo"/>
        <move>
            <input path="context/correlation"/>
            <output path="context/correlation"/>
        </move>
        <move>
            <input path="context/correlation/NCL_CruiseUserAuthenticationRQ/@TransactionIdentifier"/>
            <output path="body/Perform_NCL_CruiseUserAuthenticationResponse/NCL_CruiseUserAuthenticationRS/@TransactionIdentifier"/>
        </move>
        <customFunction lang="xslt" location="XSLTransformation3_req_9_custom.xsl" ref="ToSuccess">
            <output path="body/Perform_NCL_CruiseUserAuthenticationResponse/NCL_CruiseUserAuthenticationRS/Success"/>
        </customFunction>
        <assign value="9915">
            <output path="body/Perform_NCL_CruiseUserAuthenticationResponse/NCL_CruiseUserAuthenticationRS/Warnings/Warning[1]/@Code"/>
        </assign>
        <assign value="Unexpected Err 8">
            <output path="body/Perform_NCL_CruiseUserAuthenticationResponse/NCL_CruiseUserAuthenticationRS/Warnings/Warning[1]/@ShortText"/>
        </assign>
    </mappingDeclaration>
</mappingRoot>