<?xml version="1.0" encoding="UTF-8"?><mappingRoot domainID="com.ibm.msl.mapping.xml" targetNamespace="http://NCL_CruiseCreateAgent_Module/xslt/XSLT_storeDbData_req_1" version="7.5.0" xmlns="http://www.ibm.com/2008/ccl/Mapping" xmlns:map="http://NCL_CruiseCreateAgent_Module/xslt/XSLT_storeDbData_req_1">
    <input correlationContext="{http://Agent_Create_Update}app_context" message="{http://Agent_Create_Update/DB_AGent_createupdate}executeNclseaNcl_Wesb_Create_AgentBGResponseMsg" sharedContext="" smoName="wsdl-primary" transientContext="" type="smo" types="" xpath="/"/>
    <output correlationContext="{http://Agent_Create_Update}app_context" message="{http://NCL_WESB_Shared_Library/NCL_CruiseCreateAgent_Interface}Perform_NCL_CruiseCreateAgentResponseMsg" sharedContext="" smoName="wsdl-primary" transientContext="" type="smo" types="" xpath="/"/>
    <imports>
        <import kind="xslt" location="XSLT_storeDbData_req_1_custom.xsl"/>
    </imports>
    <mappingDeclaration name="XSLT_storeDbData_req_1">
        <input namespace="http://www.ibm.com/websphere/sibx/smo/v6.0.1" path="smo"/>
        <output namespace="http://www.ibm.com/websphere/sibx/smo/v6.0.1" path="smo"/>
        <move>
            <input path="context/correlation/LogID"/>
            <output path="context/correlation/LogID"/>
        </move>
        <move>
            <input path="context/correlation/NCL_CruiseCreateAgentRQ"/>
            <output path="context/correlation/NCL_CruiseCreateAgentRQ"/>
        </move>
        <move>
            <input path="context/correlation/NCL_CruiseCreateAgentRQ/@Version"/>
            <output path="body/Perform_NCL_CruiseCreateAgentResponse/NCL_CruiseCreateAgentRS/@Version"/>
        </move>
        <move>
            <input path="context/correlation/NCL_CruiseCreateAgentRQ/@TransactionIdentifier"/>
            <output path="body/Perform_NCL_CruiseCreateAgentResponse/NCL_CruiseCreateAgentRS/@TransactionIdentifier"/>
        </move>
        <customFunction lang="xslt" location="XSLT_storeDbData_req_1_custom.xsl" ref="ToSuccess">
            <output path="body/Perform_NCL_CruiseCreateAgentResponse/NCL_CruiseCreateAgentRS/Success"/>
        </customFunction>
        <move>
            <input path="body/executeNclseaNcl_Wesb_Create_AgentBGResponse/executeNclseaNcl_Wesb_Create_AgentBGOutput/NclseaNcl_Wesb_Create_Agent/p_errorcode" var="p_errorcode"/>
            <output path="body/Perform_NCL_CruiseCreateAgentResponse/NCL_CruiseCreateAgentRS/Warnings/Warning[1]/@Code"/>
            <test lang="XPath">$p_errorcode &gt; '0'</test>
        </move>
        <move>
            <input path="body/executeNclseaNcl_Wesb_Create_AgentBGResponse/executeNclseaNcl_Wesb_Create_AgentBGOutput/NclseaNcl_Wesb_Create_Agent/p_errormsg" var="p_errormsg"/>
            <input auxiliary="true" path="body/executeNclseaNcl_Wesb_Create_AgentBGResponse/executeNclseaNcl_Wesb_Create_AgentBGOutput/NclseaNcl_Wesb_Create_Agent/p_errorcode" var="p_errorcode2"/>
            <output path="body/Perform_NCL_CruiseCreateAgentResponse/NCL_CruiseCreateAgentRS/Warnings/Warning/@ShortText"/>
            <test lang="XPath">$p_errorcode2 &gt; '0'</test>
        </move>
    </mappingDeclaration>
</mappingRoot>