<?xml version="1.0" encoding="UTF-8"?><mappingRoot domainID="com.ibm.msl.mapping.xml" targetNamespace="http://Generic_Service/xslt/XSLTFromMediation_req_1" version="7.5.0" xmlns="http://www.ibm.com/2008/ccl/Mapping" xmlns:map="http://Generic_Service/xslt/XSLTFromMediation_req_1">
    <input correlationContext="{http://Generic_Service}App_Context" message="{http://Generic_Service/Generic}Request_ResponseRequestMsg" sharedContext="" smoName="wsdl-primary" transientContext="" type="smo" types="" xpath="/body"/>
    <output correlationContext="{http://Generic_Service}App_Context" message="{http://Generic_Service/EmailServiceImport}sendSimpleAlertEmailRequestMsg" sharedContext="" smoName="wsdl-primary" transientContext="" type="smo" types="" xpath="/body"/>
    <imports>
        <import kind="xml" location="XSLTFromMediation_req_1.xml"/>
    </imports>
    <mappingDeclaration name="XSLTFromMediation_req_1">
        <input path="body"/>
        <output path="body"/>
    </mappingDeclaration>
</mappingRoot>