<?xml version="1.0" encoding="UTF-8"?>
<map:businessObjectMap xmlns:ServiceMessageObject="smo://smo/name%3Dwsdl-primary/correlationContext%3D%257Bhttp%253A%252F%252FNCL_CruiseRetrieveAgent_Module%257DappContext/message%3D%257Bhttp%253A%252F%252FNCL_CruiseRetrieveAgent_Module%252FJDBCOutboundInterface%257DexecuteNclseaNcl_Wesb_Get_Agent_With_PagingRequestMsg/xpath%3D%252F/namespace%3DBOMap/smo.xsd" xmlns:ServiceMessageObject_1="smo://smo/name%3Dwsdl-primary/correlationContext%3D%257Bhttp%253A%252F%252FNCL_CruiseRetrieveAgent_Module%257DappContext/message%3D%257Bhttp%253A%252F%252FTP_Logger%252FTP_Interface%257DTP_InsertUpdateRequestMsg/xpath%3D%252F/namespace%3DBOMap/smo.xsd" xmlns:boLoadPaging="http://NCL_CruiseRetrieveAgent_Module" xmlns:map="http://www.ibm.com/xmlns/prod/websphere/wbiserver/map/6.0.0" targetNamespace="http://NCL_CruiseRetrieveAgent_Module">
  <map:name>boLoadPaging</map:name>
  <map:inputBusinessObjectVariable businessObjectRef="ServiceMessageObject_1:ServiceMessageObject" name="ServiceMessageObject"/>
  <map:outputBusinessObjectVariable businessObjectRef="ServiceMessageObject:ServiceMessageObject" name="ServiceMessageObject_1"/>
  <map:propertyMap executionOrder="1">
    <map:move>
      <map:input businessObjectVariableRef="ServiceMessageObject" property="context/correlation/logId"/>
      <map:output businessObjectVariableRef="ServiceMessageObject_1" property="context/correlation/logId"/>
    </map:move>
  </map:propertyMap>
  <map:propertyMap executionOrder="2">
    <map:move>
      <map:input businessObjectVariableRef="ServiceMessageObject" property="context/correlation/NCL_CruiseRetrieveAgentRQ"/>
      <map:output businessObjectVariableRef="ServiceMessageObject_1" property="context/correlation/NCL_CruiseRetrieveAgentRQ"/>
    </map:move>
  </map:propertyMap>
  <map:propertyMap executionOrder="3">
    <map:move>
      <map:input businessObjectVariableRef="ServiceMessageObject" property="context/correlation/NCL_CruiseRetrieveAgentRQ/UserLogin/@UserLoginName"/>
      <map:output businessObjectVariableRef="ServiceMessageObject_1" property="body/executeNclseaNcl_Wesb_Get_Agent_With_Paging/executeNclseaNcl_Wesb_Get_Agent_With_PagingInput/p_webusername"/>
    </map:move>
  </map:propertyMap>
  <map:propertyMap executionOrder="4">
    <map:custom>
      <map:input businessObjectVariableRef="ServiceMessageObject" property="context/correlation/NCL_CruiseRetrieveAgentRQ/@MaxResponses"/>
      <map:output businessObjectVariableRef="ServiceMessageObject_1" property="body/executeNclseaNcl_Wesb_Get_Agent_With_Paging/executeNclseaNcl_Wesb_Get_Agent_With_PagingInput/p_maxnumber"/>
      <map:javaCode>java.lang.String __ServiceMessageObject_context_correlation_NCL_CruiseRetrieveAgentRQ_$aMaxResponses = (java.lang.String)ServiceMessageObject_context_correlation_NCL_CruiseRetrieveAgentRQ_$aMaxResponses;&#xD;
java.lang.String __ServiceMessageObject_1_body_executeNclseaNcl_Wesb_Get_Agent_With_Paging_executeNclseaNcl_Wesb_Get_Agent_With_PagingInput_p_maxnumber = (java.lang.String)ServiceMessageObject_1_body_executeNclseaNcl_Wesb_Get_Agent_With_Paging_executeNclseaNcl_Wesb_Get_Agent_With_PagingInput_p_maxnumber;&#xD;
// Input ServiceMessageObject_context_correlation_NCL_CruiseRetrieveAgentRQ_@MaxResponses is represented as ServiceMessageObject_context_correlation_NCL_CruiseRetrieveAgentRQ_$aMaxResponses&#xD;
int __result__3 = 0;&#xD;
try {&#xD;
	{// convert string to integer&#xD;
		__result__3 = Integer.valueOf(__ServiceMessageObject_context_correlation_NCL_CruiseRetrieveAgentRQ_$aMaxResponses).intValue();&#xD;
	}&#xD;
}&#xD;
catch(java.lang.NumberFormatException ex){&#xD;
	byte __result__5 = 24;&#xD;
	int result = __result__5;&#xD;
}&#xD;
int result = __result__3;&#xD;
java.lang.String __result__9;&#xD;
{// convert integer to string&#xD;
	__result__9 = java.lang.Integer.toString(result);&#xD;
}&#xD;
__ServiceMessageObject_1_body_executeNclseaNcl_Wesb_Get_Agent_With_Paging_executeNclseaNcl_Wesb_Get_Agent_With_PagingInput_p_maxnumber = __result__9;&#xD;
ServiceMessageObject_1_body_executeNclseaNcl_Wesb_Get_Agent_With_Paging_executeNclseaNcl_Wesb_Get_Agent_With_PagingInput_p_maxnumber = __ServiceMessageObject_1_body_executeNclseaNcl_Wesb_Get_Agent_With_Paging_executeNclseaNcl_Wesb_Get_Agent_With_PagingInput_p_maxnumber;&#xD;

//@generated:com.ibm.wbit.activity.ui
//&lt;?xml version=&quot;1.0&quot; encoding=&quot;UTF-8&quot;?>
//&lt;com.ibm.wbit.activity:CompositeActivity xmi:version=&quot;2.0&quot; xmlns:xmi=&quot;http://www.omg.org/XMI&quot; xmlns:xsi=&quot;http://www.w3.org/2001/XMLSchema-instance&quot; xmlns:com.ibm.wbit.activity=&quot;http:///com/ibm/wbit/activity.ecore&quot; name=&quot;ActivityMethod&quot;>
//  &lt;parameters name=&quot;ServiceMessageObject_context_correlation_NCL_CruiseRetrieveAgentRQ_$aMaxResponses&quot; objectType=&quot;true&quot;>
//    &lt;type xsi:type=&quot;com.ibm.wbit.activity:XSDElementType&quot; name=&quot;string&quot; namespace=&quot;http://www.w3.org/2001/XMLSchema&quot;/>
//  &lt;/parameters>
//  &lt;exceptions>
//    &lt;type xsi:type=&quot;com.ibm.wbit.activity:JavaElementType&quot; name=&quot;java.lang.Exception&quot;/>
//  &lt;/exceptions>
//  &lt;executableElements xsi:type=&quot;com.ibm.wbit.activity:Expression&quot; value=&quot;&amp;quot;/**/Input ServiceMessageObject_context_correlation_NCL_CruiseRetrieveAgentRQ_@MaxResponses is represented as ServiceMessageObject_context_correlation_NCL_CruiseRetrieveAgentRQ_$aMaxResponses&amp;#xD;&amp;#xA;&amp;quot;&quot; assignable=&quot;false&quot;>
//    &lt;type xsi:type=&quot;com.ibm.wbit.activity:XSDElementType&quot; name=&quot;string&quot; namespace=&quot;http://www.w3.org/2001/XMLSchema&quot;/>
//  &lt;/executableElements>
//  &lt;executableElements xsi:type=&quot;com.ibm.wbit.activity:Expression&quot; value=&quot;ServiceMessageObject_context_correlation_NCL_CruiseRetrieveAgentRQ_$aMaxResponses&quot; variable=&quot;true&quot; assignable=&quot;false&quot; input=&quot;true&quot;>
//    &lt;dataOutputs target=&quot;//@executableElements.2/@parameters.0&quot;/>
//    &lt;type xsi:type=&quot;com.ibm.wbit.activity:XSDElementType&quot; name=&quot;string&quot; namespace=&quot;http://www.w3.org/2001/XMLSchema&quot;/>
//  &lt;/executableElements>
//  &lt;executableElements xsi:type=&quot;com.ibm.wbit.activity:LibraryActivity&quot; name=&quot;convert string to integer&quot; description=&quot;Convert string to integer&quot; category=&quot;converter&quot; template=&quot;&amp;lt;%return%> Integer.valueOf(&amp;lt;%inputString%>).intValue();&quot;>
//    &lt;parameters name=&quot;inputString&quot; dataInputs=&quot;//@executableElements.1/@dataOutputs.0&quot; displayName=&quot;input&quot;>
//      &lt;type xsi:type=&quot;com.ibm.wbit.activity:JavaElementType&quot; name=&quot;java.lang.String&quot;/>
//    &lt;/parameters>
//    &lt;result name=&quot;result&quot; displayName=&quot;string converted to int&quot;>
//      &lt;dataOutputs target=&quot;//@executableElements.4&quot;/>
//      &lt;type xsi:type=&quot;com.ibm.wbit.activity:JavaElementType&quot; name=&quot;int&quot;/>
//    &lt;/result>
//    &lt;exceptions>
//      &lt;dataOutputs target=&quot;//@executableElements.3/@parameters.0&quot;/>
//      &lt;type xsi:type=&quot;com.ibm.wbit.activity:JavaElementType&quot; name=&quot;java.lang.NumberFormatException&quot;/>
//    &lt;/exceptions>
//  &lt;/executableElements>
//  &lt;executableElements xsi:type=&quot;com.ibm.wbit.activity:ExceptionHandler&quot; name=&quot;Exception Handler&quot;>
//    &lt;parameters name=&quot;ex&quot; dataInputs=&quot;//@executableElements.2/@exceptions.0/@dataOutputs.0&quot;>
//      &lt;type xsi:type=&quot;com.ibm.wbit.activity:JavaElementType&quot; name=&quot;java.lang.NumberFormatException&quot;/>
//    &lt;/parameters>
//    &lt;executableElements xsi:type=&quot;com.ibm.wbit.activity:Expression&quot; value=&quot;24&quot; assignable=&quot;false&quot;>
//      &lt;dataOutputs target=&quot;//@executableElements.3/@executableElements.1&quot;/>
//      &lt;type xsi:type=&quot;com.ibm.wbit.activity:JavaElementType&quot; name=&quot;byte&quot;/>
//    &lt;/executableElements>
//    &lt;executableElements xsi:type=&quot;com.ibm.wbit.activity:Expression&quot; dataInputs=&quot;//@executableElements.3/@executableElements.0/@dataOutputs.0&quot; value=&quot;result&quot; localVariable=&quot;//@localVariables.0&quot; variable=&quot;true&quot;>
//      &lt;type xsi:type=&quot;com.ibm.wbit.activity:JavaElementType&quot; name=&quot;int&quot;/>
//    &lt;/executableElements>
//    &lt;executableGroups executableElements=&quot;//@executableElements.3/@executableElements.0 //@executableElements.3/@executableElements.1&quot;/>
//  &lt;/executableElements>
//  &lt;executableElements xsi:type=&quot;com.ibm.wbit.activity:Expression&quot; dataInputs=&quot;//@executableElements.2/@result/@dataOutputs.0&quot; value=&quot;result&quot; localVariable=&quot;//@localVariables.0&quot; variable=&quot;true&quot;>
//    &lt;type xsi:type=&quot;com.ibm.wbit.activity:JavaElementType&quot; name=&quot;int&quot;/>
//  &lt;/executableElements>
//  &lt;executableElements xsi:type=&quot;com.ibm.wbit.activity:Expression&quot; value=&quot;result&quot; localVariable=&quot;//@localVariables.0&quot; variable=&quot;true&quot;>
//    &lt;dataOutputs target=&quot;//@executableElements.6/@parameters.0&quot;/>
//    &lt;type xsi:type=&quot;com.ibm.wbit.activity:JavaElementType&quot; name=&quot;int&quot;/>
//  &lt;/executableElements>
//  &lt;executableElements xsi:type=&quot;com.ibm.wbit.activity:LibraryActivity&quot; name=&quot;convert integer to string&quot; description=&quot;Convert integer to string&quot; category=&quot;converter&quot; template=&quot;&amp;lt;%return%> java.lang.Integer.toString(&amp;lt;%input%>);&quot;>
//    &lt;parameters name=&quot;input&quot; dataInputs=&quot;//@executableElements.5/@dataOutputs.0&quot; displayName=&quot;integer to convert&quot;>
//      &lt;type xsi:type=&quot;com.ibm.wbit.activity:JavaElementType&quot; name=&quot;int&quot;/>
//    &lt;/parameters>
//    &lt;result name=&quot;result&quot; displayName=&quot;integer converted to string&quot;>
//      &lt;dataOutputs target=&quot;//@executableElements.7&quot;/>
//      &lt;type xsi:type=&quot;com.ibm.wbit.activity:JavaElementType&quot; name=&quot;java.lang.String&quot;/>
//    &lt;/result>
//  &lt;/executableElements>
//  &lt;executableElements xsi:type=&quot;com.ibm.wbit.activity:Expression&quot; dataInputs=&quot;//@executableElements.6/@result/@dataOutputs.0&quot; value=&quot;ServiceMessageObject_1_body_executeNclseaNcl_Wesb_Get_Agent_With_Paging_executeNclseaNcl_Wesb_Get_Agent_With_PagingInput_p_maxnumber&quot; variable=&quot;true&quot;>
//    &lt;type xsi:type=&quot;com.ibm.wbit.activity:XSDElementType&quot; name=&quot;string&quot; namespace=&quot;http://www.w3.org/2001/XMLSchema&quot;/>
//  &lt;/executableElements>
//  &lt;localVariables name=&quot;result&quot;>
//    &lt;type xsi:type=&quot;com.ibm.wbit.activity:JavaElementType&quot; name=&quot;int&quot;/>
//  &lt;/localVariables>
//  &lt;executableGroups executableElements=&quot;//@executableElements.0&quot;/>
//  &lt;executableGroups executableElements=&quot;//@executableElements.1 //@executableElements.2 //@executableElements.3 //@executableElements.4&quot;/>
//  &lt;executableGroups executableElements=&quot;//@executableElements.5 //@executableElements.6 //@executableElements.7&quot;/>
//&lt;/com.ibm.wbit.activity:CompositeActivity>
//@generated:end
//!SMAP!*S WBIACTDBG&#xD;
//!SMAP!*L&#xD;
//!SMAP!3:6,4&#xD;
//!SMAP!5:11,1&#xD;
//!SMAP!6:12,1&#xD;
//!SMAP!7:14,1&#xD;
//!SMAP!9:15,4&#xD;
//!SMAP!10:19,2&#xD;
//!SMAP!1000000:100,1</map:javaCode>
    </map:custom>
  </map:propertyMap>
  <map:propertyMap executionOrder="5">
    <map:custom>
      <map:input businessObjectVariableRef="ServiceMessageObject" property="context/correlation/NCL_CruiseRetrieveAgentRQ/@MoreDataEchoToken"/>
      <map:output businessObjectVariableRef="ServiceMessageObject_1" property="body/executeNclseaNcl_Wesb_Get_Agent_With_Paging/executeNclseaNcl_Wesb_Get_Agent_With_PagingInput/p_startingnumber"/>
      <map:javaCode>java.lang.String __ServiceMessageObject_context_correlation_NCL_CruiseRetrieveAgentRQ_$aMoreDataEchoToken = (java.lang.String)ServiceMessageObject_context_correlation_NCL_CruiseRetrieveAgentRQ_$aMoreDataEchoToken;&#xD;
java.lang.String __ServiceMessageObject_1_body_executeNclseaNcl_Wesb_Get_Agent_With_Paging_executeNclseaNcl_Wesb_Get_Agent_With_PagingInput_p_startingnumber = (java.lang.String)ServiceMessageObject_1_body_executeNclseaNcl_Wesb_Get_Agent_With_Paging_executeNclseaNcl_Wesb_Get_Agent_With_PagingInput_p_startingnumber;&#xD;
// Input ServiceMessageObject_context_correlation_NCL_CruiseRetrieveAgentRQ_@MoreDataEchoToken is represented as ServiceMessageObject_context_correlation_NCL_CruiseRetrieveAgentRQ_$aMoreDataEchoToken&#xD;
// Input ServiceMessageObject_context_correlation_NCL_CruiseRetrieveAgentRQ_@MoreDataEchoToken is represented as ServiceMessageObject_context_correlation_NCL_CruiseRetrieveAgentRQ_$aMoreDataEchoToken&#xD;
// Input ServiceMessageObject_context_correlation_NCL_CruiseRetrieveAgentRQ_@MoreDataEchoToken is represented as ServiceMessageObject_context_correlation_NCL_CruiseRetrieveAgentRQ_$aMoreDataEchoToken&#xD;
// Input ServiceMessageObject_context_correlation_NCL_CruiseRetrieveAgentRQ_@MoreDataEchoToken is represented as ServiceMessageObject_context_correlation_NCL_CruiseRetrieveAgentRQ_$aMoreDataEchoToken&#xD;
// Input ServiceMessageObject_context_correlation_NCL_CruiseRetrieveAgentRQ_@MoreDataEchoToken is represented as ServiceMessageObject_context_correlation_NCL_CruiseRetrieveAgentRQ_$aMoreDataEchoToken&#xD;
int __result__9 = 0;&#xD;
try {&#xD;
	{// convert string to integer&#xD;
		__result__9 = Integer.valueOf(__ServiceMessageObject_context_correlation_NCL_CruiseRetrieveAgentRQ_$aMoreDataEchoToken).intValue();&#xD;
	}&#xD;
}&#xD;
catch(java.lang.NumberFormatException ex){&#xD;
	byte __result__11 = 0;&#xD;
	int result = __result__11;&#xD;
}&#xD;
int result = __result__9;&#xD;
java.lang.String __result__7;&#xD;
{// convert integer to string&#xD;
	__result__7 = java.lang.Integer.toString(result);&#xD;
}&#xD;
__ServiceMessageObject_1_body_executeNclseaNcl_Wesb_Get_Agent_With_Paging_executeNclseaNcl_Wesb_Get_Agent_With_PagingInput_p_startingnumber = __result__7;&#xD;
ServiceMessageObject_1_body_executeNclseaNcl_Wesb_Get_Agent_With_Paging_executeNclseaNcl_Wesb_Get_Agent_With_PagingInput_p_startingnumber = __ServiceMessageObject_1_body_executeNclseaNcl_Wesb_Get_Agent_With_Paging_executeNclseaNcl_Wesb_Get_Agent_With_PagingInput_p_startingnumber;&#xD;

//@generated:com.ibm.wbit.activity.ui
//&lt;?xml version=&quot;1.0&quot; encoding=&quot;UTF-8&quot;?>
//&lt;com.ibm.wbit.activity:CompositeActivity xmi:version=&quot;2.0&quot; xmlns:xmi=&quot;http://www.omg.org/XMI&quot; xmlns:xsi=&quot;http://www.w3.org/2001/XMLSchema-instance&quot; xmlns:com.ibm.wbit.activity=&quot;http:///com/ibm/wbit/activity.ecore&quot; name=&quot;ActivityMethod&quot;>
//  &lt;parameters name=&quot;ServiceMessageObject_context_correlation_NCL_CruiseRetrieveAgentRQ_$aMoreDataEchoToken&quot; objectType=&quot;true&quot;>
//    &lt;type xsi:type=&quot;com.ibm.wbit.activity:XSDElementType&quot; name=&quot;string&quot; namespace=&quot;http://www.w3.org/2001/XMLSchema&quot;/>
//  &lt;/parameters>
//  &lt;exceptions>
//    &lt;type xsi:type=&quot;com.ibm.wbit.activity:JavaElementType&quot; name=&quot;java.lang.Exception&quot;/>
//  &lt;/exceptions>
//  &lt;executableElements xsi:type=&quot;com.ibm.wbit.activity:Expression&quot; value=&quot;&amp;quot;/**/Input ServiceMessageObject_context_correlation_NCL_CruiseRetrieveAgentRQ_@MoreDataEchoToken is represented as ServiceMessageObject_context_correlation_NCL_CruiseRetrieveAgentRQ_$aMoreDataEchoToken&amp;#xD;&amp;#xA;&amp;quot;&quot; assignable=&quot;false&quot;>
//    &lt;type xsi:type=&quot;com.ibm.wbit.activity:XSDElementType&quot; name=&quot;string&quot; namespace=&quot;http://www.w3.org/2001/XMLSchema&quot;/>
//  &lt;/executableElements>
//  &lt;executableElements xsi:type=&quot;com.ibm.wbit.activity:Expression&quot; value=&quot;&amp;quot;/**/Input ServiceMessageObject_context_correlation_NCL_CruiseRetrieveAgentRQ_@MoreDataEchoToken is represented as ServiceMessageObject_context_correlation_NCL_CruiseRetrieveAgentRQ_$aMoreDataEchoToken&amp;#xD;&amp;#xA;&amp;quot;&quot; assignable=&quot;false&quot;>
//    &lt;type xsi:type=&quot;com.ibm.wbit.activity:XSDElementType&quot; name=&quot;string&quot; namespace=&quot;http://www.w3.org/2001/XMLSchema&quot;/>
//  &lt;/executableElements>
//  &lt;executableElements xsi:type=&quot;com.ibm.wbit.activity:Expression&quot; value=&quot;&amp;quot;/**/Input ServiceMessageObject_context_correlation_NCL_CruiseRetrieveAgentRQ_@MoreDataEchoToken is represented as ServiceMessageObject_context_correlation_NCL_CruiseRetrieveAgentRQ_$aMoreDataEchoToken&amp;#xD;&amp;#xA;&amp;quot;&quot; assignable=&quot;false&quot;>
//    &lt;type xsi:type=&quot;com.ibm.wbit.activity:XSDElementType&quot; name=&quot;string&quot; namespace=&quot;http://www.w3.org/2001/XMLSchema&quot;/>
//  &lt;/executableElements>
//  &lt;executableElements xsi:type=&quot;com.ibm.wbit.activity:Expression&quot; value=&quot;&amp;quot;/**/Input ServiceMessageObject_context_correlation_NCL_CruiseRetrieveAgentRQ_@MoreDataEchoToken is represented as ServiceMessageObject_context_correlation_NCL_CruiseRetrieveAgentRQ_$aMoreDataEchoToken&amp;#xD;&amp;#xA;&amp;quot;&quot; assignable=&quot;false&quot;>
//    &lt;type xsi:type=&quot;com.ibm.wbit.activity:XSDElementType&quot; name=&quot;string&quot; namespace=&quot;http://www.w3.org/2001/XMLSchema&quot;/>
//  &lt;/executableElements>
//  &lt;executableElements xsi:type=&quot;com.ibm.wbit.activity:Expression&quot; value=&quot;&amp;quot;/**/Input ServiceMessageObject_context_correlation_NCL_CruiseRetrieveAgentRQ_@MoreDataEchoToken is represented as ServiceMessageObject_context_correlation_NCL_CruiseRetrieveAgentRQ_$aMoreDataEchoToken&amp;#xD;&amp;#xA;&amp;quot;&quot; assignable=&quot;false&quot;>
//    &lt;type xsi:type=&quot;com.ibm.wbit.activity:XSDElementType&quot; name=&quot;string&quot; namespace=&quot;http://www.w3.org/2001/XMLSchema&quot;/>
//  &lt;/executableElements>
//  &lt;executableElements xsi:type=&quot;com.ibm.wbit.activity:Expression&quot; value=&quot;result&quot; localVariable=&quot;//@localVariables.0&quot; variable=&quot;true&quot;>
//    &lt;dataOutputs target=&quot;//@executableElements.6/@parameters.0&quot;/>
//    &lt;type xsi:type=&quot;com.ibm.wbit.activity:JavaElementType&quot; name=&quot;int&quot;/>
//  &lt;/executableElements>
//  &lt;executableElements xsi:type=&quot;com.ibm.wbit.activity:LibraryActivity&quot; name=&quot;convert integer to string&quot; description=&quot;Convert integer to string&quot; category=&quot;converter&quot; template=&quot;&amp;lt;%return%> java.lang.Integer.toString(&amp;lt;%input%>);&quot;>
//    &lt;parameters name=&quot;input&quot; dataInputs=&quot;//@executableElements.5/@dataOutputs.0&quot; displayName=&quot;integer to convert&quot;>
//      &lt;type xsi:type=&quot;com.ibm.wbit.activity:JavaElementType&quot; name=&quot;int&quot;/>
//    &lt;/parameters>
//    &lt;result name=&quot;result&quot; displayName=&quot;integer converted to string&quot;>
//      &lt;dataOutputs target=&quot;//@executableElements.11&quot;/>
//      &lt;type xsi:type=&quot;com.ibm.wbit.activity:JavaElementType&quot; name=&quot;java.lang.String&quot;/>
//    &lt;/result>
//  &lt;/executableElements>
//  &lt;executableElements xsi:type=&quot;com.ibm.wbit.activity:Expression&quot; value=&quot;ServiceMessageObject_context_correlation_NCL_CruiseRetrieveAgentRQ_$aMoreDataEchoToken&quot; variable=&quot;true&quot; assignable=&quot;false&quot; input=&quot;true&quot;>
//    &lt;dataOutputs target=&quot;//@executableElements.8/@parameters.0&quot;/>
//    &lt;type xsi:type=&quot;com.ibm.wbit.activity:XSDElementType&quot; name=&quot;string&quot; namespace=&quot;http://www.w3.org/2001/XMLSchema&quot;/>
//  &lt;/executableElements>
//  &lt;executableElements xsi:type=&quot;com.ibm.wbit.activity:LibraryActivity&quot; name=&quot;convert string to integer&quot; description=&quot;Convert string to integer&quot; category=&quot;converter&quot; template=&quot;&amp;lt;%return%> Integer.valueOf(&amp;lt;%inputString%>).intValue();&quot;>
//    &lt;parameters name=&quot;inputString&quot; dataInputs=&quot;//@executableElements.7/@dataOutputs.0&quot; displayName=&quot;input&quot;>
//      &lt;type xsi:type=&quot;com.ibm.wbit.activity:JavaElementType&quot; name=&quot;java.lang.String&quot;/>
//    &lt;/parameters>
//    &lt;result name=&quot;result&quot; displayName=&quot;string converted to int&quot;>
//      &lt;dataOutputs target=&quot;//@executableElements.10&quot;/>
//      &lt;type xsi:type=&quot;com.ibm.wbit.activity:JavaElementType&quot; name=&quot;int&quot;/>
//    &lt;/result>
//    &lt;exceptions>
//      &lt;dataOutputs target=&quot;//@executableElements.9/@parameters.0&quot;/>
//      &lt;type xsi:type=&quot;com.ibm.wbit.activity:JavaElementType&quot; name=&quot;java.lang.NumberFormatException&quot;/>
//    &lt;/exceptions>
//  &lt;/executableElements>
//  &lt;executableElements xsi:type=&quot;com.ibm.wbit.activity:ExceptionHandler&quot; name=&quot;Exception Handler&quot;>
//    &lt;parameters name=&quot;ex&quot; dataInputs=&quot;//@executableElements.8/@exceptions.0/@dataOutputs.0&quot;>
//      &lt;type xsi:type=&quot;com.ibm.wbit.activity:JavaElementType&quot; name=&quot;java.lang.NumberFormatException&quot;/>
//    &lt;/parameters>
//    &lt;executableElements xsi:type=&quot;com.ibm.wbit.activity:Expression&quot; value=&quot;0&quot; assignable=&quot;false&quot;>
//      &lt;dataOutputs target=&quot;//@executableElements.9/@executableElements.1&quot;/>
//      &lt;type xsi:type=&quot;com.ibm.wbit.activity:JavaElementType&quot; name=&quot;byte&quot;/>
//    &lt;/executableElements>
//    &lt;executableElements xsi:type=&quot;com.ibm.wbit.activity:Expression&quot; dataInputs=&quot;//@executableElements.9/@executableElements.0/@dataOutputs.0&quot; value=&quot;result&quot; localVariable=&quot;//@localVariables.0&quot; variable=&quot;true&quot;>
//      &lt;type xsi:type=&quot;com.ibm.wbit.activity:JavaElementType&quot; name=&quot;int&quot;/>
//    &lt;/executableElements>
//    &lt;executableGroups executableElements=&quot;//@executableElements.9/@executableElements.0 //@executableElements.9/@executableElements.1&quot;/>
//  &lt;/executableElements>
//  &lt;executableElements xsi:type=&quot;com.ibm.wbit.activity:Expression&quot; dataInputs=&quot;//@executableElements.8/@result/@dataOutputs.0&quot; value=&quot;result&quot; localVariable=&quot;//@localVariables.0&quot; variable=&quot;true&quot;>
//    &lt;type xsi:type=&quot;com.ibm.wbit.activity:JavaElementType&quot; name=&quot;int&quot;/>
//  &lt;/executableElements>
//  &lt;executableElements xsi:type=&quot;com.ibm.wbit.activity:Expression&quot; dataInputs=&quot;//@executableElements.6/@result/@dataOutputs.0&quot; value=&quot;ServiceMessageObject_1_body_executeNclseaNcl_Wesb_Get_Agent_With_Paging_executeNclseaNcl_Wesb_Get_Agent_With_PagingInput_p_startingnumber&quot; variable=&quot;true&quot;>
//    &lt;type xsi:type=&quot;com.ibm.wbit.activity:XSDElementType&quot; name=&quot;string&quot; namespace=&quot;http://www.w3.org/2001/XMLSchema&quot;/>
//  &lt;/executableElements>
//  &lt;localVariables name=&quot;result&quot;>
//    &lt;type xsi:type=&quot;com.ibm.wbit.activity:JavaElementType&quot; name=&quot;int&quot;/>
//  &lt;/localVariables>
//  &lt;executableGroups executableElements=&quot;//@executableElements.0&quot;/>
//  &lt;executableGroups executableElements=&quot;//@executableElements.1&quot;/>
//  &lt;executableGroups executableElements=&quot;//@executableElements.2&quot;/>
//  &lt;executableGroups executableElements=&quot;//@executableElements.3&quot;/>
//  &lt;executableGroups executableElements=&quot;//@executableElements.4&quot;/>
//  &lt;executableGroups executableElements=&quot;//@executableElements.7 //@executableElements.8 //@executableElements.9 //@executableElements.10&quot;/>
//  &lt;executableGroups executableElements=&quot;//@executableElements.5 //@executableElements.6 //@executableElements.11&quot;/>
//&lt;/com.ibm.wbit.activity:CompositeActivity>
//@generated:end
//!SMAP!*S WBIACTDBG&#xD;
//!SMAP!*L&#xD;
//!SMAP!7:19,4&#xD;
//!SMAP!9:10,4&#xD;
//!SMAP!11:15,1&#xD;
//!SMAP!12:16,1&#xD;
//!SMAP!13:18,1&#xD;
//!SMAP!14:23,2&#xD;
//!SMAP!1000000:120,1</map:javaCode>
    </map:custom>
  </map:propertyMap>
  <map:propertyMap executionOrder="6">
    <map:move>
      <map:input businessObjectVariableRef="ServiceMessageObject" property="context/correlation/NCL_CruiseRetrieveAgentRQ/Email/value()"/>
      <map:output businessObjectVariableRef="ServiceMessageObject_1" property="body/executeNclseaNcl_Wesb_Get_Agent_With_Paging/executeNclseaNcl_Wesb_Get_Agent_With_PagingInput/p_email"/>
    </map:move>
  </map:propertyMap>
  <map:propertyMap executionOrder="7">
    <map:move>
      <map:input businessObjectVariableRef="ServiceMessageObject" property="context/correlation/NCL_CruiseRetrieveAgentRQ/Agency/RequestorID/@ID"/>
      <map:output businessObjectVariableRef="ServiceMessageObject_1" property="body/executeNclseaNcl_Wesb_Get_Agent_With_Paging/executeNclseaNcl_Wesb_Get_Agent_With_PagingInput/p_agencyid"/>
    </map:move>
  </map:propertyMap>
</map:businessObjectMap>