<?xml version="1.0" encoding="UTF-8"?><mappingRoot domainID="com.ibm.msl.mapping.xml" targetNamespace="http://NCL_CruiseRegisterWebAccess_Module/xslt/XSLT_buildResp" version="7.5.0" xmlns="http://www.ibm.com/2008/ccl/Mapping" xmlns:map="http://NCL_CruiseRegisterWebAccess_Module/xslt/XSLT_buildResp">
    <input correlationContext="{http://NCL_CruiseRegisterWebAccess_Module}app_context" message="{http://NCL_CruiseRegisterWebAccess_Module/DB_LOOKUP}executeNclseaNcl_Wesb_Create_AgentBGResponseMsg" sharedContext="" smoName="wsdl-primary" transientContext="" type="smo" types="" xpath="/"/>
    <output correlationContext="{http://NCL_CruiseRegisterWebAccess_Module}app_context" message="{http://NCL_WESB_Shared_Library/NCL_CruiseRegisterWebAccess_Interface}Perform_NCL_CruiseRegisterWebAccessResponseMsg" sharedContext="" smoName="wsdl-primary" transientContext="" type="smo" types="" xpath="/"/>
    <imports>
        <import kind="xml" location="XSLT_buildResp.xml"/>
        <import kind="xslt" location="XSLT_build_Success.xsl"/>
    </imports>
    <mappingDeclaration name="XSLT_buildResp">
        <input namespace="http://www.ibm.com/websphere/sibx/smo/v6.0.1" path="smo"/>
        <output namespace="http://www.ibm.com/websphere/sibx/smo/v6.0.1" path="smo"/>
        <move>
            <input path="body/executeNclseaNcl_Wesb_Create_AgentBGResponse/executeNclseaNcl_Wesb_Create_AgentBGOutput/NclseaNcl_Wesb_Create_Agent/p_errorcode"/>
            <output path="body/Perform_NCL_CruiseRegisterWebAccessResponse/NCL_CruiseRegisterWebAccessRS/Warnings/Warning[1]/@Code"/>
        </move>
        <move>
            <input path="body/executeNclseaNcl_Wesb_Create_AgentBGResponse/executeNclseaNcl_Wesb_Create_AgentBGOutput/NclseaNcl_Wesb_Create_Agent/p_errormsg"/>
            <output path="body/Perform_NCL_CruiseRegisterWebAccessResponse/NCL_CruiseRegisterWebAccessRS/Warnings/Warning[1]/@ShortText"/>
        </move>
        <move>
            <input path="context/correlation/NCL_CruiseRegisterWebAccessRQ/@TransactionIdentifier"/>
            <output path="body/Perform_NCL_CruiseRegisterWebAccessResponse/NCL_CruiseRegisterWebAccessRS/@TransactionIdentifier"/>
        </move>
        <move>
            <input path="context/correlation/ErrorCode"/>
            <output path="body/Perform_NCL_CruiseRegisterWebAccessResponse/NCL_CruiseRegisterWebAccessRS/UserLogin/@Password"/>
        </move>
        <move>
            <input path="context/correlation/NCL_CruiseRegisterWebAccessRQ/UserLogin/@UserLoginName"/>
            <output path="body/Perform_NCL_CruiseRegisterWebAccessResponse/NCL_CruiseRegisterWebAccessRS/UserLogin/@UserLoginName"/>
        </move>
        <customFunction lang="xslt" location="XSLT_build_Success.xsl" ref="POSToSuccess">
            <input path="context/correlation/NCL_CruiseRegisterWebAccessRQ/POS" var="POS"/>
            <output path="body/Perform_NCL_CruiseRegisterWebAccessResponse/NCL_CruiseRegisterWebAccessRS/Success"/>
            <param name="POS" value="$POS"/>
        </customFunction>
        <move>
            <input path="context/correlation/NCL_CruiseRegisterWebAccessRQ"/>
            <output path="context/correlation/NCL_CruiseRegisterWebAccessRQ"/>
        </move>
        <move>
            <input path="context/correlation/LogID"/>
            <output path="context/correlation/LogID"/>
        </move>
    </mappingDeclaration>
</mappingRoot>