<?xml version="1.0" encoding="UTF-8"?>
<map:businessObjectMap xmlns:ServiceMessageObject="smo://smo/name%3Dwsdl-primary/correlationContext%3D%257Bhttp%253A%252F%252FNCL_CruiseBookingPayment%257DappContext/message%3D%257Bhttp%253A%252F%252Fversonix.com%252Fapi%252Fdefinitions%257DprocessPaymentRequest/xpath%3D%252F/namespace%3DBOMap/smo.xsd" xmlns:ServiceMessageObject_1="smo://smo/name%3Dwsdl-primary/correlationContext%3D%257Bhttp%253A%252F%252FNCL_CruiseBookingPayment%257DappContext/message%3D%257Bhttp%253A%252F%252FNCL_CruiseBookingPayment%252FJDBCOutboundInterface%257DretrieveallGET_EXT_DAYS_and_DB_DATEResponseMsg/xpath%3D%252F/namespace%3DBOMap/smo.xsd" xmlns:boLoadCHK="http://NCL_CruiseBookingPayment" xmlns:map="http://www.ibm.com/xmlns/prod/websphere/wbiserver/map/6.0.0" targetNamespace="http://NCL_CruiseBookingPayment">
  <map:name>boLoadCHK</map:name>
  <map:inputBusinessObjectVariable businessObjectRef="ServiceMessageObject_1:ServiceMessageObject" name="ServiceMessageObject"/>
  <map:outputBusinessObjectVariable businessObjectRef="ServiceMessageObject:ServiceMessageObject" name="ServiceMessageObject_1"/>
  <map:propertyMap executionOrder="1">
    <map:move>
      <map:input businessObjectVariableRef="ServiceMessageObject" property="context/correlation/NCL_CruiseBookingPaymentRQ"/>
      <map:output businessObjectVariableRef="ServiceMessageObject_1" property="context/correlation/NCL_CruiseBookingPaymentRQ"/>
    </map:move>
  </map:propertyMap>
  <map:propertyMap executionOrder="2">
    <map:move>
      <map:input businessObjectVariableRef="ServiceMessageObject" property="context/correlation/LogId"/>
      <map:output businessObjectVariableRef="ServiceMessageObject_1" property="context/correlation/LogId"/>
    </map:move>
  </map:propertyMap>
  <map:propertyMap executionOrder="3">
    <map:move>
      <map:input businessObjectVariableRef="ServiceMessageObject" property="context/correlation/ExtDays"/>
      <map:output businessObjectVariableRef="ServiceMessageObject_1" property="context/correlation/ExtDays"/>
    </map:move>
  </map:propertyMap>
  <map:propertyMap executionOrder="4">
    <map:move>
      <map:input businessObjectVariableRef="ServiceMessageObject" property="context/correlation/DbDate"/>
      <map:output businessObjectVariableRef="ServiceMessageObject_1" property="context/correlation/DbDate"/>
    </map:move>
  </map:propertyMap>
  <map:propertyMap executionOrder="5">
    <map:move>
      <map:input businessObjectVariableRef="ServiceMessageObject" property="context/correlation/AgencyId"/>
      <map:output businessObjectVariableRef="ServiceMessageObject_1" property="context/correlation/AgencyId"/>
    </map:move>
  </map:propertyMap>
  <map:propertyMap executionOrder="6">
    <map:move>
      <map:input businessObjectVariableRef="ServiceMessageObject" property="context/correlation/NCL_CruiseBookingPaymentRQ/ReservationInfo/ReservationID[1]/@ID"/>
      <map:output businessObjectVariableRef="ServiceMessageObject_1" property="body/processPaymentRequest/Payment_IN/bookingInfo/resId"/>
    </map:move>
  </map:propertyMap>
  <map:propertyMap executionOrder="7">
    <map:move>
      <map:input businessObjectVariableRef="ServiceMessageObject" property="context/correlation/AgencyId"/>
      <map:output businessObjectVariableRef="ServiceMessageObject_1" property="body/processPaymentRequest/Payment_IN/bookingInfo/agencyId"/>
    </map:move>
  </map:propertyMap>
  <map:propertyMap executionOrder="8">
    <map:move>
      <map:input businessObjectVariableRef="ServiceMessageObject" property="context/correlation/NCL_CruiseBookingPaymentRQ/ReservationInfo/GuestDetails/GuestDetail[1]/ContactInfo[1]/@LoyaltyMembershipID"/>
      <map:output businessObjectVariableRef="ServiceMessageObject_1" property="body/processPaymentRequest/Payment_IN/bookingInfo/clientID"/>
    </map:move>
  </map:propertyMap>
  <map:propertyMap executionOrder="9">
    <map:move>
      <map:input businessObjectVariableRef="ServiceMessageObject" property="context/correlation/NCL_CruiseBookingPaymentRQ/ReservationInfo/PaymentOptions/PaymentOption[1]/PaymentAmount/@Amount"/>
      <map:output businessObjectVariableRef="ServiceMessageObject_1" property="body/processPaymentRequest/Payment_IN/paymentGroup/paymentInfo/paymentDetails/amount"/>
    </map:move>
  </map:propertyMap>
  <map:propertyMap executionOrder="10">
    <map:move>
      <map:input businessObjectVariableRef="ServiceMessageObject" property="context/correlation/NCL_CruiseBookingPaymentRQ/ReservationInfo/PaymentOptions/PaymentOption[1]/PaymentAmount/@CurrencyCode"/>
      <map:output businessObjectVariableRef="ServiceMessageObject_1" property="body/processPaymentRequest/Payment_IN/paymentGroup/paymentInfo/paymentDetails/currency"/>
    </map:move>
  </map:propertyMap>
  <map:propertyMap executionOrder="11">
    <map:set value="CHK">
      <map:output businessObjectVariableRef="ServiceMessageObject_1" property="body/processPaymentRequest/Payment_IN/paymentGroup/paymentInfo/paymentDetails/paymentType"/>
    </map:set>
  </map:propertyMap>
  <map:propertyMap executionOrder="12">
    <map:move>
      <map:input businessObjectVariableRef="ServiceMessageObject" property="context/correlation/NCL_CruiseBookingPaymentRQ/ReservationInfo/PaymentOptions/PaymentOption[1]/@ReferenceNumber"/>
      <map:output businessObjectVariableRef="ServiceMessageObject_1" property="body/processPaymentRequest/Payment_IN/paymentGroup/paymentInfo/paymentDetails/referenceNbr"/>
    </map:move>
  </map:propertyMap>
  <map:propertyMap executionOrder="13">
    <map:move>
      <map:input businessObjectVariableRef="ServiceMessageObject" property="context/correlation/ExtDays"/>
      <map:output businessObjectVariableRef="ServiceMessageObject_1" property="body/processPaymentRequest/Payment_IN/paymentGroup/paymentInfo/paymentDetails/extensionDays"/>
    </map:move>
  </map:propertyMap>
  <map:propertyMap executionOrder="14">
    <map:set value="F">
      <map:output businessObjectVariableRef="ServiceMessageObject_1" property="body/processPaymentRequest/Payment_IN/paymentGroup/paymentInfo/paymentDetails/formOfPaymentCode"/>
    </map:set>
  </map:propertyMap>
</map:businessObjectMap>