<?xml version="1.0" encoding="UTF-8"?>
<map:businessObjectMap xmlns:ServiceMessageObject="smo://smo/name%3Dwsdl-primary/correlationContext%3D%257Bhttp%253A%252F%252FNCL_CruiseCreateClient_Module%257DApp_context/message%3D%257Bhttp%253A%252F%252FNCL_CruiseCreateClient_Module%252FDB_Lookup%257DexecuteNclseaNcl_Wesb_Create_Client_ParmBGRequestMsg/xpath%3D%252F/namespace%3DBOMap/smo.xsd" xmlns:ServiceMessageObject_1="smo://smo/name%3Dwsdl-primary/correlationContext%3D%257Bhttp%253A%252F%252FNCL_CruiseCreateClient_Module%257DApp_context/message%3D%257Bhttp%253A%252F%252FNCL_CruiseCreateClient_Module%252FDB_Lookup%257DexecuteNclseaNcl_Wesb_Create_Companion_XrefBGRequestMsg/xpath%3D%252F/namespace%3DBOMap/smo.xsd" xmlns:bo_toclientparam1="http://NCL_CruiseCreateClient_Module" xmlns:map="http://www.ibm.com/xmlns/prod/websphere/wbiserver/map/6.0.0" targetNamespace="http://NCL_CruiseCreateClient_Module">
  <map:name>bo_toclientparam1</map:name>
  <map:inputBusinessObjectVariable businessObjectRef="ServiceMessageObject_1:ServiceMessageObject" name="ServiceMessageObject"/>
  <map:outputBusinessObjectVariable businessObjectRef="ServiceMessageObject:ServiceMessageObject" name="ServiceMessageObject_1"/>
  <map:propertyMap executionOrder="1">
    <map:submap submapName="bo_toclientparam1:sub_clientparam1">
      <map:input businessObjectVariableRef="ServiceMessageObject" property="context/correlation" variableName="App_context"/>
      <map:output businessObjectVariableRef="ServiceMessageObject_1" property="body/executeNclseaNcl_Wesb_Create_Client_ParmBG/executeNclseaNcl_Wesb_Create_Client_ParmBGInput" variableName="NclseaNcl_Wesb_Create_Client_ParmBG"/>
    </map:submap>
  </map:propertyMap>
  <map:propertyMap executionOrder="2">
    <map:move>
      <map:input businessObjectVariableRef="ServiceMessageObject" property="context/correlation/ClientID"/>
      <map:output businessObjectVariableRef="ServiceMessageObject_1" property="context/correlation/ClientID"/>
    </map:move>
  </map:propertyMap>
</map:businessObjectMap>