<?xml version="1.0" encoding="UTF-8"?><mappingRoot domainID="com.ibm.msl.mapping.xml" targetNamespace="http://NCL_CruiseCreateAgency_Module/xslt/XSLTransformation3_req_1" version="7.5.0" xmlns="http://www.ibm.com/2008/ccl/Mapping" xmlns:map="http://NCL_CruiseCreateAgency_Module/xslt/XSLTransformation3_req_1">
    <input correlationContext="{http://NCL_CruiseCreateAgency_Module}App_context" message="{http://NCL_CruiseCreateAgency_Module/DB_Lookup}executeNclseaNcl_Wesb_Upd_Agc_Conpref_InfoBGResponseMsg" sharedContext="" smoName="wsdl-primary" transientContext="" type="smo" types="" xpath="/"/>
    <output correlationContext="{http://NCL_CruiseCreateAgency_Module}App_context" message="{http://NCL_WESB_Shared_Library/NCL_CruiseCreateAgency_Interface}Perform_NCL_CruiseCreateAgencyResponseMsg" sharedContext="" smoName="wsdl-primary" transientContext="" type="smo" types="" xpath="/"/>
    <imports>
        <import kind="xslt" location="XSLTransformation3_req_1_custom.xsl"/>
    </imports>
    <mappingDeclaration name="XSLTransformation3_req_1">
        <input namespace="http://www.ibm.com/websphere/sibx/smo/v6.0.1" path="smo"/>
        <output namespace="http://www.ibm.com/websphere/sibx/smo/v6.0.1" path="smo"/>
        <move>
            <input path="context/correlation/LogID"/>
            <output path="context/correlation/LogID"/>
        </move>
        <move>
            <input path="context/correlation/NCL_CruiseCreateAgencyRQ"/>
            <output path="context/correlation/NCL_CruiseCreateAgencyRQ"/>
        </move>
        <move>
            <input path="context/correlation/NCL_CruiseCreateAgencyRQ/@TransactionIdentifier"/>
            <output path="body/Perform_NCL_CruiseCreateAgencyResponse/NCL_CruiseCreateAgencyRS/@TransactionIdentifier"/>
        </move>
        <customFunction lang="xslt" location="XSLTransformation3_req_1_custom.xsl" ref="ToSuccess">
            <output path="body/Perform_NCL_CruiseCreateAgencyResponse/NCL_CruiseCreateAgencyRS/Success"/>
        </customFunction>
        <move>
            <input path="body/executeNclseaNcl_Wesb_Upd_Agc_Conpref_InfoBGResponse/executeNclseaNcl_Wesb_Upd_Agc_Conpref_InfoBGOutput/NclseaNcl_Wesb_Upd_Agc_Conpref_Info/p_errorcode"/>
            <output path="body/Perform_NCL_CruiseCreateAgencyResponse/NCL_CruiseCreateAgencyRS/Warnings/Warning[1]/@Code"/>
        </move>
        <move>
            <input path="body/executeNclseaNcl_Wesb_Upd_Agc_Conpref_InfoBGResponse/executeNclseaNcl_Wesb_Upd_Agc_Conpref_InfoBGOutput/NclseaNcl_Wesb_Upd_Agc_Conpref_Info/p_errormsg"/>
            <output path="body/Perform_NCL_CruiseCreateAgencyResponse/NCL_CruiseCreateAgencyRS/Warnings/Warning[1]/@ShortText"/>
        </move>
    </mappingDeclaration>
</mappingRoot>