<?xml version="1.0" encoding="UTF-8"?><mappingRoot domainID="com.ibm.msl.mapping.xml" targetNamespace="http://NCLFuseBoxMediation/xslt/UpdateRequesMsgLog_req_1" version="7.5.0" xmlns="http://www.ibm.com/2008/ccl/Mapping" xmlns:map="http://NCLFuseBoxMediation/xslt/UpdateRequesMsgLog_req_1">
    <input correlationContext="" message="{http://FuseBoxLib/FuseBoxCredCardProvider}processCardInfoRequestMsg" sharedContext="" smoName="wsdl-primary" transientContext="{http://NCLFuseBoxMediation}FuseBoxMediationSharedCtx" type="smo" types="" xpath="/"/>
    <output correlationContext="" message="{http://NCLFuseBoxMediation/UpdateRequestMsgSQL}executeUpdateRequestMsgSQLBGRequestMsg" sharedContext="" smoName="wsdl-primary" transientContext="{http://NCLFuseBoxMediation}FuseBoxMediationSharedCtx" type="smo" types="" xpath="/"/>
    <imports>
        <import kind="xml" location="UpdateRequesMsgLog_req_1.xml"/>
        <import kind="xslt" location="UpdateRequesMsgLog_req_1_custom.xsl"/>
    </imports>
    <mappingDeclaration name="UpdateRequesMsgLog_req_1">
        <input namespace="http://www.ibm.com/websphere/sibx/smo/v6.0.1" path="smo"/>
        <output namespace="http://www.ibm.com/websphere/sibx/smo/v6.0.1" path="smo"/>
        <customFunction lang="xslt" location="UpdateRequesMsgLog_req_1_custom.xsl" ref="RequestToStatement1parameter1">
            <input path="body/processCardInfo/Request" var="Request"/>
            <output path="body/executeUpdateRequestMsgSQLBG/executeUpdateRequestMsgSQLBGInput/UpdateRequestMsgSQL/statement1parameter1"/>
            <param name="Request" value="$Request"/>
        </customFunction>
        <move>
            <input path="context/transient/UNIQUE_VAL_ID"/>
            <output path="body/executeUpdateRequestMsgSQLBG/executeUpdateRequestMsgSQLBGInput/UpdateRequestMsgSQL/statement1parameter2"/>
        </move>
        <assign value="Update">
            <output path="body/executeUpdateRequestMsgSQLBG/executeUpdateRequestMsgSQLBGInput/verb"/>
        </assign>
    </mappingDeclaration>
</mappingRoot>