<?xml version="1.0" encoding="UTF-8"?><mappingRoot domainID="com.ibm.msl.mapping.xml" targetNamespace="http://NCL_CruiseCreateClient_Module/xslt/XSLT_buildResponse_req_1" version="7.5.0" xmlns="http://www.ibm.com/2008/ccl/Mapping" xmlns:map="http://NCL_CruiseCreateClient_Module/xslt/XSLT_buildResponse_req_1">
    <input correlationContext="{http://NCL_CruiseCreateClient_Module}App_context" message="{http://NCL_CruiseCreateClient_Module/DB_Lookup}executeNclseaNcl_Wesb_Create_Client_ProfileBGResponseMsg" sharedContext="" smoName="wsdl-primary" transientContext="" type="smo" types="" xpath="/"/>
    <output correlationContext="{http://NCL_CruiseCreateClient_Module}App_context" message="{http://NCL_WESB_Shared_Library/NCL_CruiseCreateClient_Interface}Perform_NCL_CruiseCreateClientResponseMsg" sharedContext="" smoName="wsdl-primary" transientContext="" type="smo" types="" xpath="/"/>
    <imports>
        <import kind="xslt" location="XSLT_buildResponse_req_1_custom.xsl"/>
        <import kind="xslt" location="XSLT_buildResponse_Error.xsl"/>
    </imports>
    <mappingDeclaration name="XSLT_buildResponse_req_1">
        <input namespace="http://www.ibm.com/websphere/sibx/smo/v6.0.1" path="smo"/>
        <output namespace="http://www.ibm.com/websphere/sibx/smo/v6.0.1" path="smo"/>
        <move>
            <input path="context/correlation/LogID"/>
            <output path="context/correlation/LogID"/>
        </move>
        <move>
            <input path="context/correlation/NCL_CruiseCreateClientRQ"/>
            <output path="context/correlation/NCL_CruiseCreateClientRQ"/>
        </move>
        <move>
            <input path="context/correlation/NCL_CruiseCreateClientRQ/@TransactionIdentifier"/>
            <output path="body/Perform_NCL_CruiseCreateClientResponse/NCL_CruiseCreateClientRS/@TransactionIdentifier"/>
        </move>
        <move>
            <input path="context/correlation/NCL_CruiseCreateClientRQ/@Version"/>
            <output path="body/Perform_NCL_CruiseCreateClientResponse/NCL_CruiseCreateClientRS/@Version"/>
        </move>
        <customFunction lang="xslt" location="XSLT_buildResponse_req_1_custom.xsl" ref="ToSuccess">
            <output path="body/Perform_NCL_CruiseCreateClientResponse/NCL_CruiseCreateClientRS/Success"/>
        </customFunction>
        <move>
            <input path="body/executeNclseaNcl_Wesb_Create_Client_ProfileBGResponse/executeNclseaNcl_Wesb_Create_Client_ProfileBGOutput/NclseaNcl_Wesb_Create_Client_Profile/p_errorcode" var="p_errorcode"/>
            <output path="body/Perform_NCL_CruiseCreateClientResponse/NCL_CruiseCreateClientRS/Warnings/Warning[1]/@Code"/>
            <test lang="XPath">string-length ($p_errorcode) &gt; '1'</test>
        </move>
        <customFunction lang="xslt" location="XSLT_buildResponse_Error.xsl" ref="P_errorcodeToShortText">
            <input path="body/executeNclseaNcl_Wesb_Create_Client_ProfileBGResponse/executeNclseaNcl_Wesb_Create_Client_ProfileBGOutput/NclseaNcl_Wesb_Create_Client_Profile/p_errorcode" var="p_errorcode1"/>
            <output path="body/Perform_NCL_CruiseCreateClientResponse/NCL_CruiseCreateClientRS/Warnings/Warning[1]/@ShortText"/>
            <param name="p_errorcode1" value="$p_errorcode1"/>
        </customFunction>
    </mappingDeclaration>
</mappingRoot>