<?xml version="1.0" encoding="UTF-8"?>
<map:businessObjectMap xmlns:NCL_CruiseUserAuthenticationRS="http://nclapi/schemas" xmlns:NclseaNcl_Wesb_User_LookupBG="http://www.ibm.com/xmlns/prod/websphere/j2ca/jdbc/nclseancl_wesb_user_lookupbg" xmlns:map="http://www.ibm.com/xmlns/prod/websphere/wbiserver/map/6.0.0" xmlns:sub_toresp="http://NCL_CruiseUserAuthentication_Module" targetNamespace="http://NCL_CruiseUserAuthentication_Module">
  <map:name>sub_toresp</map:name>
  <map:inputBusinessObjectVariable businessObjectRef="NclseaNcl_Wesb_User_LookupBG:NclseaNcl_Wesb_User_LookupBG" name="NclseaNcl_Wesb_User_LookupBG"/>
  <map:outputBusinessObjectVariable businessObjectRef="NCL_CruiseUserAuthenticationRS:NCL_CruiseUserAuthenticationRS" name="NCL_CruiseUserAuthenticationRS"/>
  <map:propertyMap executionOrder="1">
    <map:customAssignment>
      <map:output businessObjectVariableRef="NCL_CruiseUserAuthenticationRS" property="Success"/>
      <map:javaCode>commonj.sdo.DataObject __NCL_CruiseUserAuthenticationRS_Success = (commonj.sdo.DataObject)NCL_CruiseUserAuthenticationRS_Success;&#xD;
commonj.sdo.DataObject __result__1;&#xD;
{// create SuccessType
	com.ibm.websphere.bo.BOFactory factory = 
	   (com.ibm.websphere.bo.BOFactory) new com.ibm.websphere.sca.ServiceManager().locateService(&quot;com/ibm/websphere/bo/BOFactory&quot;);
	 __result__1 = factory.create(null,&quot;SuccessType&quot;);&#xD;
}&#xD;
__NCL_CruiseUserAuthenticationRS_Success = __result__1;&#xD;
NCL_CruiseUserAuthenticationRS_Success = __NCL_CruiseUserAuthenticationRS_Success;&#xD;
{// print to log
	System.out.println(__NCL_CruiseUserAuthenticationRS_Success);&#xD;
}&#xD;
commonj.sdo.DataObject __result__4;&#xD;
{// create SuccessType
	com.ibm.websphere.bo.BOFactory factory = 
	   (com.ibm.websphere.bo.BOFactory) new com.ibm.websphere.sca.ServiceManager().locateService(&quot;com/ibm/websphere/bo/BOFactory&quot;);
	 __result__4 = factory.create(null,&quot;SuccessType&quot;);&#xD;
}&#xD;
</map:javaCode>
    </map:customAssignment>
  </map:propertyMap>
  <map:propertyMap executionOrder="2">
    <map:custom>
      <map:input businessObjectVariableRef="NclseaNcl_Wesb_User_LookupBG" property="NclseaNcl_Wesb_User_Lookup/p_errorcode"/>
      <map:output businessObjectVariableRef="NCL_CruiseUserAuthenticationRS" property="Warnings/Warning[1]/@Code"/>
      <map:javaCode>java.lang.String __NclseaNcl_Wesb_User_LookupBG_NclseaNcl_Wesb_User_Lookup_p_errorcode = (java.lang.String)NclseaNcl_Wesb_User_LookupBG_NclseaNcl_Wesb_User_Lookup_p_errorcode;&#xD;
java.lang.String __NCL_CruiseUserAuthenticationRS_Warnings_Warning1_$aCode = (java.lang.String)NCL_CruiseUserAuthenticationRS_Warnings_Warning1_$aCode;&#xD;
// Variable NCL_CruiseUserAuthenticationRS_Warnings_Warning[1]_@Code is represented as NCL_CruiseUserAuthenticationRS_Warnings_Warning1_$aCode&#xD;
// Variable NCL_CruiseUserAuthenticationRS_Warnings_Warning[1]_@Code is represented as NCL_CruiseUserAuthenticationRS_Warnings_Warning1_$aCode&#xD;
// Variable NCL_CruiseUserAuthenticationRS_Warnings_Warning[1]_@Code is represented as NCL_CruiseUserAuthenticationRS_Warnings_Warning1_$aCode&#xD;
int __result__5 = 0;&#xD;
try {&#xD;
	{// convert string to integer&#xD;
		__result__5 = Integer.valueOf(__NclseaNcl_Wesb_User_LookupBG_NclseaNcl_Wesb_User_Lookup_p_errorcode).intValue();&#xD;
	}&#xD;
}&#xD;
catch(java.lang.NumberFormatException ex){&#xD;
	java.lang.String __result__7 = &quot;&quot;;&#xD;
	__NCL_CruiseUserAuthenticationRS_Warnings_Warning1_$aCode = __result__7;&#xD;
	NCL_CruiseUserAuthenticationRS_Warnings_Warning1_$aCode = __NCL_CruiseUserAuthenticationRS_Warnings_Warning1_$aCode;&#xD;
}&#xD;
byte __result__9 = 1;&#xD;
boolean __result__10;&#xD;
{// greater than&#xD;
	__result__10 = __result__5 > __result__9;&#xD;
}&#xD;
boolean result = __result__10;&#xD;
if (result){&#xD;
	__NCL_CruiseUserAuthenticationRS_Warnings_Warning1_$aCode = __NclseaNcl_Wesb_User_LookupBG_NclseaNcl_Wesb_User_Lookup_p_errorcode;&#xD;
	NCL_CruiseUserAuthenticationRS_Warnings_Warning1_$aCode = __NCL_CruiseUserAuthenticationRS_Warnings_Warning1_$aCode;&#xD;
}&#xD;
else{&#xD;
}&#xD;

//@generated:com.ibm.wbit.activity.ui
//&lt;?xml version=&quot;1.0&quot; encoding=&quot;UTF-8&quot;?>
//&lt;com.ibm.wbit.activity:CompositeActivity xmi:version=&quot;2.0&quot; xmlns:xmi=&quot;http://www.omg.org/XMI&quot; xmlns:xsi=&quot;http://www.w3.org/2001/XMLSchema-instance&quot; xmlns:com.ibm.wbit.activity=&quot;http:///com/ibm/wbit/activity.ecore&quot; name=&quot;ActivityMethod&quot;>
//  &lt;parameters name=&quot;NclseaNcl_Wesb_User_LookupBG_NclseaNcl_Wesb_User_Lookup_p_errorcode&quot; objectType=&quot;true&quot;>
//    &lt;type xsi:type=&quot;com.ibm.wbit.activity:XSDElementType&quot; name=&quot;string&quot; namespace=&quot;http://www.w3.org/2001/XMLSchema&quot;/>
//  &lt;/parameters>
//  &lt;exceptions>
//    &lt;type xsi:type=&quot;com.ibm.wbit.activity:JavaElementType&quot; name=&quot;java.lang.Exception&quot;/>
//  &lt;/exceptions>
//  &lt;executableElements xsi:type=&quot;com.ibm.wbit.activity:Expression&quot; value=&quot;&amp;quot;/**/Variable NCL_CruiseUserAuthenticationRS_Warnings_Warning[1]_@Code is represented as NCL_CruiseUserAuthenticationRS_Warnings_Warning1_$aCode&amp;#xD;&amp;#xA;&amp;quot;&quot; assignable=&quot;false&quot;>
//    &lt;type xsi:type=&quot;com.ibm.wbit.activity:XSDElementType&quot; name=&quot;string&quot; namespace=&quot;http://www.w3.org/2001/XMLSchema&quot;/>
//  &lt;/executableElements>
//  &lt;executableElements xsi:type=&quot;com.ibm.wbit.activity:Expression&quot; value=&quot;&amp;quot;/**/Variable NCL_CruiseUserAuthenticationRS_Warnings_Warning[1]_@Code is represented as NCL_CruiseUserAuthenticationRS_Warnings_Warning1_$aCode&amp;#xD;&amp;#xA;&amp;quot;&quot; assignable=&quot;false&quot;>
//    &lt;type xsi:type=&quot;com.ibm.wbit.activity:XSDElementType&quot; name=&quot;string&quot; namespace=&quot;http://www.w3.org/2001/XMLSchema&quot;/>
//  &lt;/executableElements>
//  &lt;executableElements xsi:type=&quot;com.ibm.wbit.activity:Expression&quot; value=&quot;&amp;quot;/**/Variable NCL_CruiseUserAuthenticationRS_Warnings_Warning[1]_@Code is represented as NCL_CruiseUserAuthenticationRS_Warnings_Warning1_$aCode&amp;#xD;&amp;#xA;&amp;quot;&quot; assignable=&quot;false&quot;>
//    &lt;type xsi:type=&quot;com.ibm.wbit.activity:XSDElementType&quot; name=&quot;string&quot; namespace=&quot;http://www.w3.org/2001/XMLSchema&quot;/>
//  &lt;/executableElements>
//  &lt;executableElements xsi:type=&quot;com.ibm.wbit.activity:Expression&quot; value=&quot;NclseaNcl_Wesb_User_LookupBG_NclseaNcl_Wesb_User_Lookup_p_errorcode&quot; variable=&quot;true&quot; assignable=&quot;false&quot; input=&quot;true&quot;>
//    &lt;dataOutputs target=&quot;//@executableElements.4/@parameters.0&quot;/>
//    &lt;type xsi:type=&quot;com.ibm.wbit.activity:XSDElementType&quot; name=&quot;string&quot; namespace=&quot;http://www.w3.org/2001/XMLSchema&quot;/>
//  &lt;/executableElements>
//  &lt;executableElements xsi:type=&quot;com.ibm.wbit.activity:LibraryActivity&quot; name=&quot;convert string to integer&quot; description=&quot;Convert string to integer&quot; category=&quot;converter&quot; template=&quot;&amp;lt;%return%> Integer.valueOf(&amp;lt;%inputString%>).intValue();&quot;>
//    &lt;parameters name=&quot;inputString&quot; dataInputs=&quot;//@executableElements.3/@dataOutputs.0&quot; displayName=&quot;input&quot;>
//      &lt;type xsi:type=&quot;com.ibm.wbit.activity:JavaElementType&quot; name=&quot;java.lang.String&quot;/>
//    &lt;/parameters>
//    &lt;result name=&quot;result&quot; displayName=&quot;string converted to int&quot;>
//      &lt;dataOutputs target=&quot;//@executableElements.7/@parameters.0&quot;/>
//      &lt;type xsi:type=&quot;com.ibm.wbit.activity:JavaElementType&quot; name=&quot;int&quot;/>
//    &lt;/result>
//    &lt;exceptions>
//      &lt;dataOutputs target=&quot;//@executableElements.5/@parameters.0&quot;/>
//      &lt;type xsi:type=&quot;com.ibm.wbit.activity:JavaElementType&quot; name=&quot;java.lang.NumberFormatException&quot;/>
//    &lt;/exceptions>
//  &lt;/executableElements>
//  &lt;executableElements xsi:type=&quot;com.ibm.wbit.activity:ExceptionHandler&quot; name=&quot;Exception Handler&quot;>
//    &lt;parameters name=&quot;ex&quot; dataInputs=&quot;//@executableElements.4/@exceptions.0/@dataOutputs.0&quot;>
//      &lt;type xsi:type=&quot;com.ibm.wbit.activity:JavaElementType&quot; name=&quot;java.lang.NumberFormatException&quot;/>
//    &lt;/parameters>
//    &lt;executableElements xsi:type=&quot;com.ibm.wbit.activity:Expression&quot; value=&quot;&amp;quot;&amp;quot;&quot; assignable=&quot;false&quot;>
//      &lt;dataOutputs target=&quot;//@executableElements.5/@executableElements.1&quot;/>
//      &lt;type xsi:type=&quot;com.ibm.wbit.activity:XSDElementType&quot; name=&quot;string&quot; namespace=&quot;http://www.w3.org/2001/XMLSchema&quot;/>
//    &lt;/executableElements>
//    &lt;executableElements xsi:type=&quot;com.ibm.wbit.activity:Expression&quot; dataInputs=&quot;//@executableElements.5/@executableElements.0/@dataOutputs.0&quot; value=&quot;NCL_CruiseUserAuthenticationRS_Warnings_Warning1_$aCode&quot; variable=&quot;true&quot;>
//      &lt;type xsi:type=&quot;com.ibm.wbit.activity:XSDElementType&quot; name=&quot;OTA_CodeType&quot; namespace=&quot;http://nclapi/schemas&quot;/>
//    &lt;/executableElements>
//    &lt;executableGroups executableElements=&quot;//@executableElements.5/@executableElements.0 //@executableElements.5/@executableElements.1&quot;/>
//  &lt;/executableElements>
//  &lt;executableElements xsi:type=&quot;com.ibm.wbit.activity:Expression&quot; value=&quot;1&quot; assignable=&quot;false&quot;>
//    &lt;dataOutputs target=&quot;//@executableElements.7/@parameters.1&quot;/>
//    &lt;type xsi:type=&quot;com.ibm.wbit.activity:JavaElementType&quot; name=&quot;byte&quot;/>
//  &lt;/executableElements>
//  &lt;executableElements xsi:type=&quot;com.ibm.wbit.activity:LibraryActivity&quot; name=&quot;greater than&quot; description=&quot;True if the value of the first input is greater than the value of the second input&quot; category=&quot;math&quot; template=&quot;&amp;lt;%return%> &amp;lt;%input1%> > &amp;lt;%input2%>;&quot;>
//    &lt;parameters name=&quot;input1&quot; dataInputs=&quot;//@executableElements.4/@result/@dataOutputs.0&quot; displayName=&quot;input 1&quot;>
//      &lt;type xsi:type=&quot;com.ibm.wbit.activity:JavaElementType&quot; name=&quot;double&quot;/>
//    &lt;/parameters>
//    &lt;parameters name=&quot;input2&quot; dataInputs=&quot;//@executableElements.6/@dataOutputs.0&quot; displayName=&quot;input 2&quot;>
//      &lt;type xsi:type=&quot;com.ibm.wbit.activity:JavaElementType&quot; name=&quot;double&quot;/>
//    &lt;/parameters>
//    &lt;result name=&quot;result&quot; displayName=&quot;result&quot;>
//      &lt;dataOutputs target=&quot;//@executableElements.8&quot;/>
//      &lt;type xsi:type=&quot;com.ibm.wbit.activity:JavaElementType&quot; name=&quot;boolean&quot;/>
//    &lt;/result>
//  &lt;/executableElements>
//  &lt;executableElements xsi:type=&quot;com.ibm.wbit.activity:Expression&quot; dataInputs=&quot;//@executableElements.7/@result/@dataOutputs.0&quot; value=&quot;result&quot; localVariable=&quot;//@localVariables.0&quot; variable=&quot;true&quot;>
//    &lt;type xsi:type=&quot;com.ibm.wbit.activity:JavaElementType&quot; name=&quot;boolean&quot;/>
//  &lt;/executableElements>
//  &lt;executableElements xsi:type=&quot;com.ibm.wbit.activity:Expression&quot; value=&quot;result&quot; localVariable=&quot;//@localVariables.0&quot; variable=&quot;true&quot;>
//    &lt;dataOutputs target=&quot;//@executableElements.10&quot;/>
//    &lt;type xsi:type=&quot;com.ibm.wbit.activity:JavaElementType&quot; name=&quot;boolean&quot;/>
//  &lt;/executableElements>
//  &lt;executableElements xsi:type=&quot;com.ibm.wbit.activity:BranchElement&quot; dataInputs=&quot;//@executableElements.9/@dataOutputs.0&quot;>
//    &lt;conditionalActivities>
//      &lt;executableElements xsi:type=&quot;com.ibm.wbit.activity:Expression&quot; value=&quot;NclseaNcl_Wesb_User_LookupBG_NclseaNcl_Wesb_User_Lookup_p_errorcode&quot; variable=&quot;true&quot; assignable=&quot;false&quot; input=&quot;true&quot;>
//        &lt;dataOutputs target=&quot;//@executableElements.10/@conditionalActivities.0/@executableElements.1&quot;/>
//        &lt;type xsi:type=&quot;com.ibm.wbit.activity:XSDElementType&quot; name=&quot;string&quot; namespace=&quot;http://www.w3.org/2001/XMLSchema&quot;/>
//      &lt;/executableElements>
//      &lt;executableElements xsi:type=&quot;com.ibm.wbit.activity:Expression&quot; dataInputs=&quot;//@executableElements.10/@conditionalActivities.0/@executableElements.0/@dataOutputs.0&quot; value=&quot;NCL_CruiseUserAuthenticationRS_Warnings_Warning1_$aCode&quot; variable=&quot;true&quot;>
//        &lt;type xsi:type=&quot;com.ibm.wbit.activity:XSDElementType&quot; name=&quot;OTA_CodeType&quot; namespace=&quot;http://nclapi/schemas&quot;/>
//      &lt;/executableElements>
//      &lt;executableGroups executableElements=&quot;//@executableElements.10/@conditionalActivities.0/@executableElements.0 //@executableElements.10/@conditionalActivities.0/@executableElements.1&quot;/>
//      &lt;condition value=&quot;true&quot;/>
//    &lt;/conditionalActivities>
//    &lt;conditionalActivities>
//      &lt;condition value=&quot;&quot;/>
//    &lt;/conditionalActivities>
//  &lt;/executableElements>
//  &lt;localVariables name=&quot;result&quot;>
//    &lt;type xsi:type=&quot;com.ibm.wbit.activity:JavaElementType&quot; name=&quot;boolean&quot;/>
//  &lt;/localVariables>
//  &lt;executableGroups executableElements=&quot;//@executableElements.0&quot;/>
//  &lt;executableGroups executableElements=&quot;//@executableElements.1&quot;/>
//  &lt;executableGroups executableElements=&quot;//@executableElements.2&quot;/>
//  &lt;executableGroups executableElements=&quot;//@executableElements.3 //@executableElements.4 //@executableElements.5 //@executableElements.6 //@executableElements.7 //@executableElements.8&quot;/>
//  &lt;executableGroups executableElements=&quot;//@executableElements.9 //@executableElements.10&quot;/>
//&lt;/com.ibm.wbit.activity:CompositeActivity>
//@generated:end
//!SMAP!*S WBIACTDBG&#xD;
//!SMAP!*L&#xD;
//!SMAP!5:8,4&#xD;
//!SMAP!7:13,1&#xD;
//!SMAP!8:14,2&#xD;
//!SMAP!9:17,1&#xD;
//!SMAP!10:18,4&#xD;
//!SMAP!11:22,1&#xD;
//!SMAP!13:23,1&#xD;
//!SMAP!16:24,2&#xD;
//!SMAP!1000000:138,1</map:javaCode>
    </map:custom>
  </map:propertyMap>
  <map:propertyMap executionOrder="3">
    <map:custom>
      <map:input businessObjectVariableRef="NclseaNcl_Wesb_User_LookupBG" property="NclseaNcl_Wesb_User_Lookup/p_errorcode"/>
      <map:output businessObjectVariableRef="NCL_CruiseUserAuthenticationRS" property="Warnings/Warning[1]/@ShortText"/>
      <map:javaCode>java.lang.String __NclseaNcl_Wesb_User_LookupBG_NclseaNcl_Wesb_User_Lookup_p_errorcode = (java.lang.String)NclseaNcl_Wesb_User_LookupBG_NclseaNcl_Wesb_User_Lookup_p_errorcode;&#xD;
java.lang.String __NCL_CruiseUserAuthenticationRS_Warnings_Warning1_$aShortText = (java.lang.String)NCL_CruiseUserAuthenticationRS_Warnings_Warning1_$aShortText;&#xD;
// Variable NCL_CruiseUserAuthenticationRS_Warnings_Warning[1]_@ShortText is represented as NCL_CruiseUserAuthenticationRS_Warnings_Warning1_$aShortText&#xD;
byte __result__4 = 1;&#xD;
int __result__3;&#xD;
{// convert string to integer&#xD;
	__result__3 = Integer.valueOf(__NclseaNcl_Wesb_User_LookupBG_NclseaNcl_Wesb_User_Lookup_p_errorcode).intValue();&#xD;
}&#xD;
boolean __result__5;&#xD;
{// greater than&#xD;
	__result__5 = __result__3 > __result__4;&#xD;
}&#xD;
boolean result = __result__5;&#xD;
if (result){&#xD;
	java.lang.String __result__10 = &quot;Lookup Error&quot;;&#xD;
	__NCL_CruiseUserAuthenticationRS_Warnings_Warning1_$aShortText = __result__10;&#xD;
	NCL_CruiseUserAuthenticationRS_Warnings_Warning1_$aShortText = __NCL_CruiseUserAuthenticationRS_Warnings_Warning1_$aShortText;&#xD;
}&#xD;
else{&#xD;
}&#xD;

//@generated:com.ibm.wbit.activity.ui
//&lt;?xml version=&quot;1.0&quot; encoding=&quot;UTF-8&quot;?>
//&lt;com.ibm.wbit.activity:CompositeActivity xmi:version=&quot;2.0&quot; xmlns:xmi=&quot;http://www.omg.org/XMI&quot; xmlns:xsi=&quot;http://www.w3.org/2001/XMLSchema-instance&quot; xmlns:com.ibm.wbit.activity=&quot;http:///com/ibm/wbit/activity.ecore&quot; name=&quot;ActivityMethod&quot;>
//  &lt;parameters name=&quot;NclseaNcl_Wesb_User_LookupBG_NclseaNcl_Wesb_User_Lookup_p_errorcode&quot; objectType=&quot;true&quot;>
//    &lt;type xsi:type=&quot;com.ibm.wbit.activity:XSDElementType&quot; name=&quot;string&quot; namespace=&quot;http://www.w3.org/2001/XMLSchema&quot;/>
//  &lt;/parameters>
//  &lt;exceptions>
//    &lt;type xsi:type=&quot;com.ibm.wbit.activity:JavaElementType&quot; name=&quot;java.lang.Exception&quot;/>
//  &lt;/exceptions>
//  &lt;executableElements xsi:type=&quot;com.ibm.wbit.activity:Expression&quot; value=&quot;&amp;quot;/**/Variable NCL_CruiseUserAuthenticationRS_Warnings_Warning[1]_@ShortText is represented as NCL_CruiseUserAuthenticationRS_Warnings_Warning1_$aShortText&amp;#xD;&amp;#xA;&amp;quot;&quot; assignable=&quot;false&quot;>
//    &lt;type xsi:type=&quot;com.ibm.wbit.activity:XSDElementType&quot; name=&quot;string&quot; namespace=&quot;http://www.w3.org/2001/XMLSchema&quot;/>
//  &lt;/executableElements>
//  &lt;executableElements xsi:type=&quot;com.ibm.wbit.activity:Expression&quot; value=&quot;NclseaNcl_Wesb_User_LookupBG_NclseaNcl_Wesb_User_Lookup_p_errorcode&quot; variable=&quot;true&quot; assignable=&quot;false&quot; input=&quot;true&quot;>
//    &lt;dataOutputs target=&quot;//@executableElements.2/@parameters.0&quot;/>
//    &lt;type xsi:type=&quot;com.ibm.wbit.activity:XSDElementType&quot; name=&quot;string&quot; namespace=&quot;http://www.w3.org/2001/XMLSchema&quot;/>
//  &lt;/executableElements>
//  &lt;executableElements xsi:type=&quot;com.ibm.wbit.activity:LibraryActivity&quot; name=&quot;convert string to integer&quot; description=&quot;Convert string to integer&quot; category=&quot;converter&quot; template=&quot;&amp;lt;%return%> Integer.valueOf(&amp;lt;%inputString%>).intValue();&quot;>
//    &lt;parameters name=&quot;inputString&quot; dataInputs=&quot;//@executableElements.1/@dataOutputs.0&quot; displayName=&quot;input&quot;>
//      &lt;type xsi:type=&quot;com.ibm.wbit.activity:JavaElementType&quot; name=&quot;java.lang.String&quot;/>
//    &lt;/parameters>
//    &lt;result name=&quot;result&quot; displayName=&quot;string converted to int&quot;>
//      &lt;dataOutputs target=&quot;//@executableElements.4/@parameters.0&quot;/>
//      &lt;type xsi:type=&quot;com.ibm.wbit.activity:JavaElementType&quot; name=&quot;int&quot;/>
//    &lt;/result>
//    &lt;exceptions>
//      &lt;type xsi:type=&quot;com.ibm.wbit.activity:JavaElementType&quot; name=&quot;java.lang.NumberFormatException&quot;/>
//    &lt;/exceptions>
//  &lt;/executableElements>
//  &lt;executableElements xsi:type=&quot;com.ibm.wbit.activity:Expression&quot; value=&quot;1&quot; assignable=&quot;false&quot;>
//    &lt;dataOutputs target=&quot;//@executableElements.4/@parameters.1&quot;/>
//    &lt;type xsi:type=&quot;com.ibm.wbit.activity:JavaElementType&quot; name=&quot;byte&quot;/>
//  &lt;/executableElements>
//  &lt;executableElements xsi:type=&quot;com.ibm.wbit.activity:LibraryActivity&quot; name=&quot;greater than&quot; description=&quot;True if the value of the first input is greater than the value of the second input&quot; category=&quot;math&quot; template=&quot;&amp;lt;%return%> &amp;lt;%input1%> > &amp;lt;%input2%>;&quot;>
//    &lt;parameters name=&quot;input1&quot; dataInputs=&quot;//@executableElements.2/@result/@dataOutputs.0&quot; displayName=&quot;input 1&quot;>
//      &lt;type xsi:type=&quot;com.ibm.wbit.activity:JavaElementType&quot; name=&quot;double&quot;/>
//    &lt;/parameters>
//    &lt;parameters name=&quot;input2&quot; dataInputs=&quot;//@executableElements.3/@dataOutputs.0&quot; displayName=&quot;input 2&quot;>
//      &lt;type xsi:type=&quot;com.ibm.wbit.activity:JavaElementType&quot; name=&quot;double&quot;/>
//    &lt;/parameters>
//    &lt;result name=&quot;result&quot; displayName=&quot;result&quot;>
//      &lt;dataOutputs target=&quot;//@executableElements.5&quot;/>
//      &lt;type xsi:type=&quot;com.ibm.wbit.activity:JavaElementType&quot; name=&quot;boolean&quot;/>
//    &lt;/result>
//  &lt;/executableElements>
//  &lt;executableElements xsi:type=&quot;com.ibm.wbit.activity:Expression&quot; dataInputs=&quot;//@executableElements.4/@result/@dataOutputs.0&quot; value=&quot;result&quot; localVariable=&quot;//@localVariables.0&quot; variable=&quot;true&quot;>
//    &lt;type xsi:type=&quot;com.ibm.wbit.activity:JavaElementType&quot; name=&quot;boolean&quot;/>
//  &lt;/executableElements>
//  &lt;executableElements xsi:type=&quot;com.ibm.wbit.activity:Expression&quot; value=&quot;result&quot; localVariable=&quot;//@localVariables.0&quot; variable=&quot;true&quot;>
//    &lt;dataOutputs target=&quot;//@executableElements.7&quot;/>
//    &lt;type xsi:type=&quot;com.ibm.wbit.activity:JavaElementType&quot; name=&quot;boolean&quot;/>
//  &lt;/executableElements>
//  &lt;executableElements xsi:type=&quot;com.ibm.wbit.activity:BranchElement&quot; dataInputs=&quot;//@executableElements.6/@dataOutputs.0&quot;>
//    &lt;conditionalActivities>
//      &lt;executableElements xsi:type=&quot;com.ibm.wbit.activity:Expression&quot; value=&quot;&amp;quot;Lookup Error&amp;quot;&quot; assignable=&quot;false&quot;>
//        &lt;dataOutputs target=&quot;//@executableElements.7/@conditionalActivities.0/@executableElements.1&quot;/>
//        &lt;type xsi:type=&quot;com.ibm.wbit.activity:XSDElementType&quot; name=&quot;string&quot; namespace=&quot;http://www.w3.org/2001/XMLSchema&quot;/>
//      &lt;/executableElements>
//      &lt;executableElements xsi:type=&quot;com.ibm.wbit.activity:Expression&quot; dataInputs=&quot;//@executableElements.7/@conditionalActivities.0/@executableElements.0/@dataOutputs.0&quot; value=&quot;NCL_CruiseUserAuthenticationRS_Warnings_Warning1_$aShortText&quot; variable=&quot;true&quot;>
//        &lt;type xsi:type=&quot;com.ibm.wbit.activity:XSDElementType&quot; name=&quot;StringLength1to64&quot; namespace=&quot;http://nclapi/schemas&quot;/>
//      &lt;/executableElements>
//      &lt;executableGroups executableElements=&quot;//@executableElements.7/@conditionalActivities.0/@executableElements.0 //@executableElements.7/@conditionalActivities.0/@executableElements.1&quot;/>
//      &lt;condition value=&quot;true&quot;/>
//    &lt;/conditionalActivities>
//    &lt;conditionalActivities>
//      &lt;condition value=&quot;&quot;/>
//    &lt;/conditionalActivities>
//  &lt;/executableElements>
//  &lt;localVariables name=&quot;result&quot;>
//    &lt;type xsi:type=&quot;com.ibm.wbit.activity:JavaElementType&quot; name=&quot;boolean&quot;/>
//  &lt;/localVariables>
//  &lt;executableGroups executableElements=&quot;//@executableElements.0&quot;/>
//  &lt;executableGroups executableElements=&quot;//@executableElements.1 //@executableElements.2 //@executableElements.3 //@executableElements.4 //@executableElements.5&quot;/>
//  &lt;executableGroups executableElements=&quot;//@executableElements.6 //@executableElements.7&quot;/>
//&lt;/com.ibm.wbit.activity:CompositeActivity>
//@generated:end
//!SMAP!*S WBIACTDBG&#xD;
//!SMAP!*L&#xD;
//!SMAP!3:5,4&#xD;
//!SMAP!4:4,1&#xD;
//!SMAP!5:9,4&#xD;
//!SMAP!6:13,1&#xD;
//!SMAP!8:14,1&#xD;
//!SMAP!10:15,1&#xD;
//!SMAP!11:16,2&#xD;
//!SMAP!1000000:107,1</map:javaCode>
    </map:custom>
  </map:propertyMap>
</map:businessObjectMap>