<?xml version="1.0" encoding="UTF-8"?><mappingRoot domainID="com.ibm.msl.mapping.xml" targetNamespace="http://NCL_CruiseRetrieveClient_Module/xslt/xslt_getClientLatData_req_1" version="7.5.0" xmlns="http://www.ibm.com/2008/ccl/Mapping" xmlns:map="http://NCL_CruiseRetrieveClient_Module/xslt/xslt_getClientLatData_req_1">
    <input correlationContext="{http://NCL_CruiseRetrieveClient_Module}App_Context" message="{http://TP_Logger/TP_Interface}TP_InsertUpdateRequestMsg" sharedContext="" smoName="wsdl-primary" transientContext="" type="smo" types="" xpath="/"/>
    <output correlationContext="{http://NCL_CruiseRetrieveClient_Module}App_Context" message="{http://NCL_CruiseRetrieveClient_Module/JDBCImport1}executeNclseaNcl_Lat_Get_Client_DataRequestMsg" sharedContext="" smoName="wsdl-primary" transientContext="" type="smo" types="" xpath="/"/>
    <imports>
        <import kind="xml" location="xslt_getClientLatData_req_1.xml"/>
    </imports>
    <mappingDeclaration name="xslt_getClientLatData_req_1">
        <input namespace="http://www.ibm.com/websphere/sibx/smo/v6.0.1" path="smo"/>
        <output namespace="http://www.ibm.com/websphere/sibx/smo/v6.0.1" path="smo"/>
        <move>
            <input path="context/correlation/NCL_CruiseRetrieveClientRQ"/>
            <output path="context/correlation/NCL_CruiseRetrieveClientRQ"/>
        </move>
        <move>
            <input path="context/correlation/LogID"/>
            <output path="context/correlation/LogID"/>
        </move>
        <move>
            <input path="context/correlation/NCL_CruiseRetrieveClientRQ/LoyaltyInfo/@MembershipID"/>
            <output path="body/executeNclseaNcl_Lat_Get_Client_Data/executeNclseaNcl_Lat_Get_Client_DataInput/p_client_id"/>
        </move>
    </mappingDeclaration>
</mappingRoot>